app/(tabs)/Home.tsx(944,19): error TS2657: JSX expressions must have one parent element.
app/(tabs)/Home.tsx(956,17): error TS1005: ')' expected.
app/(tabs)/Home.tsx(956,19): error TS17015: Expected corresponding closing tag for JSX fragment.
app/(tabs)/Home.tsx(956,23): error TS1382: Unexpected token. Did you mean `{'>'}` or `&gt;`?
app/(tabs)/Home.tsx(957,16): error TS1381: Unexpected token. Did you mean `{'}'}` or `&rbrace;`?
app/(tabs)/Home.tsx(959,14): error TS1382: Unexpected token. Did you mean `{'>'}` or `&gt;`?
app/(tabs)/Home.tsx(1083,10): error TS1381: Unexpected token. Did you mean `{'}'}` or `&rbrace;`?
app/Screens/User/ShopCarousel.tsx(191,11): error TS17002: Expected corresponding JSX closing tag for 'TouchableOpacity'.
app/Screens/User/ShopCarousel.tsx(193,9): error TS1005: ')' expected.
app/Screens/User/ShopCarousel.tsx(269,7): error TS1128: Declaration or statement expected.
app/Screens/User/ShopCarousel.tsx(270,5): error TS1109: Expression expected.
app/Screens/User/ShopCarousel.tsx(271,3): error TS1128: Declaration or statement expected.
app/Screens/User/ShopCarousel.tsx(370,1): error TS1128: Declaration or statement expected.
